

================================================================
== Vivado HLS Report for 'memcachedPipeline_concurrencyControl'
================================================================
* Date:           Wed Oct 21 12:18:46 2020

* Version:        2015.1 (Build 1215546 on Mon Apr 27 19:24:50 PM 2015)
* Project:        memcachedPipeline_prj
* Solution:       solution1
* Product family: kintexu
* Target device:  xcku040-ffva1156-2-e


================================================================
== Performance Estimates
================================================================
+ Timing (ns): 
    * Summary: 
    +---------+-------+----------+------------+
    |  Clock  | Target| Estimated| Uncertainty|
    +---------+-------+----------+------------+
    |default  |   6.66|     10.89|        0.83|
    +---------+-------+----------+------------+

+ Latency (clock cycles): 
    * Summary: 
    +-----+-----+-----+-----+----------+
    |  Latency  |  Interval | Pipeline |
    | min | max | min | max |   Type   |
    +-----+-----+-----+-----+----------+
    |    1|    1|    1|    1| function |
    +-----+-----+-----+-----+----------+

    + Detail: 
        * Instance: 
        N/A

        * Loop: 
        N/A



================================================================
== Utilization Estimates
================================================================
* Summary: 
+-----------------+---------+-------+--------+--------+
|       Name      | BRAM_18K| DSP48E|   FF   |   LUT  |
+-----------------+---------+-------+--------+--------+
|Expression       |        -|      -|       0|     256|
|FIFO             |        -|      -|       -|       -|
|Instance         |        -|      -|       -|       -|
|Memory           |        -|      -|       -|       -|
|Multiplexer      |        -|      -|       -|     319|
|Register         |        -|      -|     493|       -|
+-----------------+---------+-------+--------+--------+
|Total            |        0|      0|     493|     575|
+-----------------+---------+-------+--------+--------+
|Available        |     1200|   1920|  484800|  242400|
+-----------------+---------+-------+--------+--------+
|Utilization (%)  |        0|      0|   ~0   |   ~0   |
+-----------------+---------+-------+--------+--------+

+ Detail: 
    * Instance: 
    N/A

    * Memory: 
    N/A

    * FIFO: 
    N/A

    * Expression: 
    +----------------------------------------+----------+-------+---+----+------------+------------+
    |              Variable Name             | Operation| DSP48E| FF| LUT| Bitwidth P0| Bitwidth P1|
    +----------------------------------------+----------+-------+---+----+------------+------------+
    |grp_fu_418_p2                           |     +    |      0|  0|   8|           8|           1|
    |grp_fu_437_p2                           |     +    |      0|  0|   8|           8|           2|
    |tmp_311_fu_1005_p2                      |     +    |      0|  0|   8|           8|           1|
    |tmp_312_fu_1025_p2                      |     +    |      0|  0|   4|           4|           1|
    |grp_fu_423_p3                           |  Select  |      0|  0|   8|           1|           1|
    |p_tmp_4_fu_1011_p3                      |  Select  |      0|  0|   8|           1|           1|
    |storemerge44_cast_cast_cast_fu_1621_p3  |  Select  |      0|  0|   2|           1|           1|
    |storemerge_cast_cast_cast_fu_1041_p3    |  Select  |      0|  0|   2|           1|           1|
    |ap_sig_bdd_132                          |    and   |      0|  0|   1|           1|           1|
    |ap_sig_bdd_2217                         |    and   |      0|  0|   1|           1|           1|
    |ap_sig_bdd_81                           |    and   |      0|  0|   1|           1|           1|
    |grp_fu_492_p2                           |    and   |      0|  0|   1|           1|           1|
    |grp_fu_512_p2                           |    and   |      0|  0|   1|           1|           1|
    |grp_fu_532_p2                           |    and   |      0|  0|   1|           1|           1|
    |grp_fu_552_p2                           |    and   |      0|  0|   1|           1|           1|
    |grp_fu_572_p2                           |    and   |      0|  0|   1|           1|           1|
    |grp_fu_592_p2                           |    and   |      0|  0|   1|           1|           1|
    |grp_fu_612_p2                           |    and   |      0|  0|   1|           1|           1|
    |grp_fu_632_p2                           |    and   |      0|  0|   1|           1|           1|
    |or_cond10_fu_1097_p2                    |    and   |      0|  0|   1|           1|           1|
    |or_cond11_fu_1115_p2                    |    and   |      0|  0|   1|           1|           1|
    |or_cond12_fu_1133_p2                    |    and   |      0|  0|   1|           1|           1|
    |or_cond13_fu_1151_p2                    |    and   |      0|  0|   1|           1|           1|
    |or_cond14_fu_1169_p2                    |    and   |      0|  0|   1|           1|           1|
    |or_cond15_fu_1187_p2                    |    and   |      0|  0|   1|           1|           1|
    |or_cond1_fu_1351_p2                     |    and   |      0|  0|   1|           1|           1|
    |or_cond2_fu_1363_p2                     |    and   |      0|  0|   1|           1|           1|
    |or_cond3_fu_1375_p2                     |    and   |      0|  0|   1|           1|           1|
    |or_cond4_fu_1079_p2                     |    and   |      0|  0|   1|           1|           1|
    |or_cond5_fu_1061_p2                     |    and   |      0|  0|   1|           1|           1|
    |or_cond6_fu_1303_p2                     |    and   |      0|  0|   1|           1|           1|
    |or_cond7_fu_1315_p2                     |    and   |      0|  0|   1|           1|           1|
    |or_cond8_fu_1327_p2                     |    and   |      0|  0|   1|           1|           1|
    |or_cond9_fu_1339_p2                     |    and   |      0|  0|   1|           1|           1|
    |or_cond_fu_1291_p2                      |    and   |      0|  0|   1|           1|           1|
    |sel_tmp16_fu_1381_p2                    |    and   |      0|  0|   1|           1|           1|
    |sel_tmp18_fu_1387_p2                    |    and   |      0|  0|   1|           1|           1|
    |sel_tmp19_fu_1393_p2                    |    and   |      0|  0|   1|           1|           1|
    |sel_tmp21_fu_1399_p2                    |    and   |      0|  0|   1|           1|           1|
    |sel_tmp22_fu_1405_p2                    |    and   |      0|  0|   1|           1|           1|
    |sel_tmp24_fu_1411_p2                    |    and   |      0|  0|   1|           1|           1|
    |sel_tmp25_fu_1417_p2                    |    and   |      0|  0|   1|           1|           1|
    |sel_tmp27_fu_1423_p2                    |    and   |      0|  0|   1|           1|           1|
    |sel_tmp28_fu_1429_p2                    |    and   |      0|  0|   1|           1|           1|
    |sel_tmp30_fu_1435_p2                    |    and   |      0|  0|   1|           1|           1|
    |sel_tmp31_fu_1441_p2                    |    and   |      0|  0|   1|           1|           1|
    |sel_tmp33_fu_1447_p2                    |    and   |      0|  0|   1|           1|           1|
    |sel_tmp34_fu_1453_p2                    |    and   |      0|  0|   1|           1|           1|
    |sel_tmp36_fu_1459_p2                    |    and   |      0|  0|   1|           1|           1|
    |sel_tmp37_fu_1465_p2                    |    and   |      0|  0|   1|           1|           1|
    |sel_tmp39_fu_1471_p2                    |    and   |      0|  0|   1|           1|           1|
    |grp_fu_413_p2                           |   icmp   |      0|  0|   3|           8|           3|
    |grp_fu_482_p2                           |   icmp   |      0|  0|   3|           8|           4|
    |grp_fu_487_p2                           |   icmp   |      0|  0|   3|           8|           4|
    |grp_fu_497_p2                           |   icmp   |      0|  0|   3|           8|           3|
    |grp_fu_502_p2                           |   icmp   |      0|  0|   3|           8|           1|
    |grp_fu_507_p2                           |   icmp   |      0|  0|   3|           8|           4|
    |grp_fu_517_p2                           |   icmp   |      0|  0|   3|           8|           3|
    |grp_fu_522_p2                           |   icmp   |      0|  0|   3|           8|           1|
    |grp_fu_527_p2                           |   icmp   |      0|  0|   3|           8|           4|
    |grp_fu_537_p2                           |   icmp   |      0|  0|   3|           8|           3|
    |grp_fu_542_p2                           |   icmp   |      0|  0|   3|           8|           1|
    |grp_fu_547_p2                           |   icmp   |      0|  0|   3|           8|           4|
    |grp_fu_557_p2                           |   icmp   |      0|  0|   3|           8|           3|
    |grp_fu_562_p2                           |   icmp   |      0|  0|   3|           8|           1|
    |grp_fu_567_p2                           |   icmp   |      0|  0|   3|           8|           4|
    |grp_fu_577_p2                           |   icmp   |      0|  0|   3|           8|           3|
    |grp_fu_582_p2                           |   icmp   |      0|  0|   3|           8|           1|
    |grp_fu_587_p2                           |   icmp   |      0|  0|   3|           8|           4|
    |grp_fu_597_p2                           |   icmp   |      0|  0|   3|           8|           3|
    |grp_fu_602_p2                           |   icmp   |      0|  0|   3|           8|           1|
    |grp_fu_607_p2                           |   icmp   |      0|  0|   3|           8|           4|
    |grp_fu_617_p2                           |   icmp   |      0|  0|   3|           8|           3|
    |grp_fu_622_p2                           |   icmp   |      0|  0|   3|           8|           1|
    |grp_fu_627_p2                           |   icmp   |      0|  0|   3|           8|           4|
    |grp_fu_637_p2                           |   icmp   |      0|  0|   3|           8|           3|
    |grp_fu_642_p2                           |   icmp   |      0|  0|   3|           8|           1|
    |icmp_fu_841_p2                          |   icmp   |      0|  0|   2|           5|           1|
    |tmp_301_fu_1055_p2                      |   icmp   |      0|  0|   3|           6|           6|
    |tmp_302_fu_1285_p2                      |   icmp   |      0|  0|   3|           6|           6|
    |tmp_310_fu_999_p2                       |   icmp   |      0|  0|   3|           8|           3|
    |tmp_667_1_fu_1073_p2                    |   icmp   |      0|  0|   3|           6|           6|
    |tmp_667_2_fu_1091_p2                    |   icmp   |      0|  0|   3|           6|           6|
    |tmp_667_3_fu_1109_p2                    |   icmp   |      0|  0|   3|           6|           6|
    |tmp_667_4_fu_1127_p2                    |   icmp   |      0|  0|   3|           6|           6|
    |tmp_667_5_fu_1145_p2                    |   icmp   |      0|  0|   3|           6|           6|
    |tmp_667_6_fu_1163_p2                    |   icmp   |      0|  0|   3|           6|           6|
    |tmp_667_7_fu_1181_p2                    |   icmp   |      0|  0|   3|           6|           6|
    |tmp_671_1_fu_1297_p2                    |   icmp   |      0|  0|   3|           6|           6|
    |tmp_671_2_fu_1309_p2                    |   icmp   |      0|  0|   3|           6|           6|
    |tmp_671_3_fu_1321_p2                    |   icmp   |      0|  0|   3|           6|           6|
    |tmp_671_4_fu_1333_p2                    |   icmp   |      0|  0|   3|           6|           6|
    |tmp_671_5_fu_1345_p2                    |   icmp   |      0|  0|   3|           6|           6|
    |tmp_671_6_fu_1357_p2                    |   icmp   |      0|  0|   3|           6|           6|
    |tmp_671_7_fu_1369_p2                    |   icmp   |      0|  0|   3|           6|           6|
    |ap_sig_bdd_119                          |    or    |      0|  0|   1|           1|           1|
    |ap_sig_bdd_98                           |    or    |      0|  0|   1|           1|           1|
    |sel_tmp40_fu_1615_p2                    |    or    |      0|  0|   1|           1|           1|
    |tmp65_fu_1537_p2                        |    or    |      0|  0|   1|           1|           1|
    |tmp66_fu_1501_p2                        |    or    |      0|  0|   1|           1|           1|
    |tmp67_fu_1483_p2                        |    or    |      0|  0|   1|           1|           1|
    |tmp68_fu_1477_p2                        |    or    |      0|  0|   1|           1|           1|
    |tmp69_fu_1495_p2                        |    or    |      0|  0|   1|           1|           1|
    |tmp70_fu_1489_p2                        |    or    |      0|  0|   1|           1|           1|
    |tmp71_fu_1531_p2                        |    or    |      0|  0|   1|           1|           1|
    |tmp72_fu_1513_p2                        |    or    |      0|  0|   1|           1|           1|
    |tmp73_fu_1507_p2                        |    or    |      0|  0|   1|           1|           1|
    |tmp74_fu_1525_p2                        |    or    |      0|  0|   1|           1|           1|
    |tmp75_fu_1519_p2                        |    or    |      0|  0|   1|           1|           1|
    |tmp76_fu_1609_p2                        |    or    |      0|  0|   1|           1|           1|
    |tmp77_fu_1567_p2                        |    or    |      0|  0|   1|           1|           1|
    |tmp78_fu_1549_p2                        |    or    |      0|  0|   1|           1|           1|
    |tmp79_fu_1543_p2                        |    or    |      0|  0|   1|           1|           1|
    |tmp80_fu_1561_p2                        |    or    |      0|  0|   1|           1|           1|
    |tmp81_fu_1555_p2                        |    or    |      0|  0|   1|           1|           1|
    |tmp82_fu_1603_p2                        |    or    |      0|  0|   1|           1|           1|
    |tmp83_fu_1579_p2                        |    or    |      0|  0|   1|           1|           1|
    |tmp84_fu_1573_p2                        |    or    |      0|  0|   1|           1|           1|
    |tmp85_fu_1597_p2                        |    or    |      0|  0|   1|           1|           1|
    |tmp86_fu_1585_p2                        |    or    |      0|  0|   1|           1|           1|
    |tmp87_fu_1591_p2                        |    or    |      0|  0|   1|           1|           1|
    |tmp_416_fu_1067_p2                      |    or    |      0|  0|   1|           1|           1|
    |tmp_419_fu_1085_p2                      |    or    |      0|  0|   1|           1|           1|
    |tmp_422_fu_1103_p2                      |    or    |      0|  0|   1|           1|           1|
    |tmp_425_fu_1121_p2                      |    or    |      0|  0|   1|           1|           1|
    |tmp_428_fu_1139_p2                      |    or    |      0|  0|   1|           1|           1|
    |tmp_431_fu_1157_p2                      |    or    |      0|  0|   1|           1|           1|
    |tmp_434_fu_1175_p2                      |    or    |      0|  0|   1|           1|           1|
    |tmp_437_fu_1193_p2                      |    or    |      0|  0|   1|           1|           1|
    +----------------------------------------+----------+-------+---+----+------------+------------+
    |Total                                   |          |      0|  0| 256|         426|         257|
    +----------------------------------------+----------+-------+---+----+------------+------------+

    * Multiplexer: 
    +----------------------------------+-----+-----------+-----+-----------+
    |               Name               | LUT | Input Size| Bits| Total Bits|
    +----------------------------------+-----+-----------+-----+-----------+
    |ap_NS_fsm1                        |    2|          3|    2|          6|
    |cc2memRead_V_din                  |  130|          3|  130|        390|
    |ccInputWord_data_V                |  128|          2|  128|        256|
    |ccState                           |    3|          7|    3|         21|
    |hashFilter_filterEntries_addre    |    6|          2|    6|         12|
    |hashFilter_filterEntries_addre_1  |    6|          2|    6|         12|
    |hashFilter_filterEntries_addre_2  |    6|          2|    6|         12|
    |hashFilter_filterEntries_addre_3  |    6|          2|    6|         12|
    |hashFilter_filterEntries_addre_4  |    6|          2|    6|         12|
    |hashFilter_filterEntries_addre_5  |    6|          2|    6|         12|
    |hashFilter_filterEntries_addre_6  |    6|          2|    6|         12|
    |hashFilter_filterEntries_addre_7  |    6|          2|    6|         12|
    |hashFilter_level                  |    8|          2|    8|         16|
    +----------------------------------+-----+-----------+-----+-----------+
    |Total                             |  319|         33|  319|        785|
    +----------------------------------+-----+-----------+-----+-----------+

    * Register: 
    +----------------------------------+-----+----+-----+-----------+
    |               Name               |  FF | LUT| Bits| Const Bits|
    +----------------------------------+-----+----+-----+-----------+
    |ap_CS_fsm0                        |    1|   0|    1|          0|
    |ap_CS_fsm1                        |    2|   0|    2|          0|
    |ap_done_reg                       |    1|   0|    1|          0|
    |ccCompareElement_address_V        |    6|   0|    6|          0|
    |ccCompareElement_operation_V      |    8|   0|    8|          0|
    |ccInputWordMd_keyLength_V         |    8|   0|    8|          0|
    |ccInputWordMd_metadata_V          |   32|   0|   32|          0|
    |ccInputWordMd_operation_V         |    8|   0|    8|          0|
    |ccInputWordMd_valueLength_V       |   16|   0|   16|          0|
    |ccInputWord_EOP_V                 |    1|   0|    1|          0|
    |ccInputWord_SOP_V                 |    1|   0|    1|          0|
    |ccInputWord_data_V                |  128|   0|  128|          0|
    |ccState                           |    3|   0|    3|          0|
    |ccState_load_reg_1688             |    3|   0|    3|          0|
    |hashFilter_filterEntries_addre    |    6|   0|    6|          0|
    |hashFilter_filterEntries_addre_1  |    6|   0|    6|          0|
    |hashFilter_filterEntries_addre_2  |    6|   0|    6|          0|
    |hashFilter_filterEntries_addre_3  |    6|   0|    6|          0|
    |hashFilter_filterEntries_addre_4  |    6|   0|    6|          0|
    |hashFilter_filterEntries_addre_5  |    6|   0|    6|          0|
    |hashFilter_filterEntries_addre_6  |    6|   0|    6|          0|
    |hashFilter_filterEntries_addre_7  |    6|   0|    6|          0|
    |hashFilter_filterEntries_opera    |    8|   0|    8|          0|
    |hashFilter_filterEntries_opera_1  |    8|   0|    8|          0|
    |hashFilter_filterEntries_opera_2  |    8|   0|    8|          0|
    |hashFilter_filterEntries_opera_3  |    8|   0|    8|          0|
    |hashFilter_filterEntries_opera_4  |    8|   0|    8|          0|
    |hashFilter_filterEntries_opera_5  |    8|   0|    8|          0|
    |hashFilter_filterEntries_opera_6  |    8|   0|    8|          0|
    |hashFilter_filterEntries_opera_7  |    8|   0|    8|          0|
    |hashFilter_filterEntries_statu    |    1|   0|    1|          0|
    |hashFilter_filterEntries_statu_1  |    1|   0|    1|          0|
    |hashFilter_filterEntries_statu_2  |    1|   0|    1|          0|
    |hashFilter_filterEntries_statu_3  |    1|   0|    1|          0|
    |hashFilter_filterEntries_statu_4  |    1|   0|    1|          0|
    |hashFilter_filterEntries_statu_5  |    1|   0|    1|          0|
    |hashFilter_filterEntries_statu_6  |    1|   0|    1|          0|
    |hashFilter_filterEntries_statu_7  |    1|   0|    1|          0|
    |hashFilter_level                  |    8|   0|    8|          0|
    |hashFilter_rdPtr                  |    8|   0|    8|          0|
    |hashFilter_wrPtr                  |    8|   0|    8|          0|
    |tmp_4_reg_1713                    |  130|   0|  130|          0|
    |tmp_EOP_V_16_reg_1692             |    1|   0|    1|          0|
    +----------------------------------+-----+----+-----+-----------+
    |Total                             |  493|   0|  493|          0|
    +----------------------------------+-----+----+-----+-----------+



================================================================
== Interface
================================================================
* Summary: 
+-----------------------+-----+-----+------------+--------------------------------------+--------------+
|       RTL Ports       | Dir | Bits|  Protocol  |             Source Object            |    C Type    |
+-----------------------+-----+-----+------------+--------------------------------------+--------------+
|ap_clk                 |  in |    1| ap_ctrl_hs | memcachedPipeline_concurrencyControl | return value |
|ap_rst                 |  in |    1| ap_ctrl_hs | memcachedPipeline_concurrencyControl | return value |
|ap_start               |  in |    1| ap_ctrl_hs | memcachedPipeline_concurrencyControl | return value |
|ap_done                | out |    1| ap_ctrl_hs | memcachedPipeline_concurrencyControl | return value |
|ap_continue            |  in |    1| ap_ctrl_hs | memcachedPipeline_concurrencyControl | return value |
|ap_idle                | out |    1| ap_ctrl_hs | memcachedPipeline_concurrencyControl | return value |
|ap_ready               | out |    1| ap_ctrl_hs | memcachedPipeline_concurrencyControl | return value |
|dec2cc_V_V_dout        |  in |    1|   ap_fifo  |              dec2cc_V_V              |    pointer   |
|dec2cc_V_V_empty_n     |  in |    1|   ap_fifo  |              dec2cc_V_V              |    pointer   |
|dec2cc_V_V_read        | out |    1|   ap_fifo  |              dec2cc_V_V              |    pointer   |
|in2cc_V_dout           |  in |  130|   ap_fifo  |                in2cc_V               |    pointer   |
|in2cc_V_empty_n        |  in |    1|   ap_fifo  |                in2cc_V               |    pointer   |
|in2cc_V_read           | out |    1|   ap_fifo  |                in2cc_V               |    pointer   |
|in2ccMd_V_dout         |  in |   64|   ap_fifo  |               in2ccMd_V              |    pointer   |
|in2ccMd_V_empty_n      |  in |    1|   ap_fifo  |               in2ccMd_V              |    pointer   |
|in2ccMd_V_read         | out |    1|   ap_fifo  |               in2ccMd_V              |    pointer   |
|hash2cc_V_V_dout       |  in |   32|   ap_fifo  |              hash2cc_V_V             |    pointer   |
|hash2cc_V_V_empty_n    |  in |    1|   ap_fifo  |              hash2cc_V_V             |    pointer   |
|hash2cc_V_V_read       | out |    1|   ap_fifo  |              hash2cc_V_V             |    pointer   |
|cc2memRead_V_din       | out |  130|   ap_fifo  |             cc2memRead_V             |    pointer   |
|cc2memRead_V_full_n    |  in |    1|   ap_fifo  |             cc2memRead_V             |    pointer   |
|cc2memRead_V_write     | out |    1|   ap_fifo  |             cc2memRead_V             |    pointer   |
|cc2memReadMd_V_din     | out |   64|   ap_fifo  |            cc2memReadMd_V            |    pointer   |
|cc2memReadMd_V_full_n  |  in |    1|   ap_fifo  |            cc2memReadMd_V            |    pointer   |
|cc2memReadMd_V_write   | out |    1|   ap_fifo  |            cc2memReadMd_V            |    pointer   |
+-----------------------+-----+-----+------------+--------------------------------------+--------------+

