

================================================================
== Vivado HLS Report for 'memcachedPipeline_response_f'
================================================================
* Date:           Wed Oct 21 12:18:56 2020

* Version:        2015.1 (Build 1215546 on Mon Apr 27 19:24:50 PM 2015)
* Project:        memcachedPipeline_prj
* Solution:       solution1
* Product family: kintexu
* Target device:  xcku040-ffva1156-2-e


================================================================
== Performance Estimates
================================================================
+ Timing (ns): 
    * Summary: 
    +---------+-------+----------+------------+
    |  Clock  | Target| Estimated| Uncertainty|
    +---------+-------+----------+------------+
    |default  |   6.66|      5.83|        0.83|
    +---------+-------+----------+------------+

+ Latency (clock cycles): 
    * Summary: 
    +-----+-----+-----+-----+----------+
    |  Latency  |  Interval | Pipeline |
    | min | max | min | max |   Type   |
    +-----+-----+-----+-----+----------+
    |    0|    0|    1|    1| function |
    +-----+-----+-----+-----+----------+

    + Detail: 
        * Instance: 
        N/A

        * Loop: 
        N/A



================================================================
== Utilization Estimates
================================================================
* Summary: 
+-----------------+---------+-------+--------+--------+
|       Name      | BRAM_18K| DSP48E|   FF   |   LUT  |
+-----------------+---------+-------+--------+--------+
|Expression       |        -|      -|       0|      15|
|FIFO             |        -|      -|       -|       -|
|Instance         |        -|      -|       -|       -|
|Memory           |        -|      -|       -|       -|
|Multiplexer      |        -|      -|       -|     252|
|Register         |        -|      -|     252|       -|
+-----------------+---------+-------+--------+--------+
|Total            |        0|      0|     252|     267|
+-----------------+---------+-------+--------+--------+
|Available        |     1200|   1920|  484800|  242400|
+-----------------+---------+-------+--------+--------+
|Utilization (%)  |        0|      0|   ~0   |   ~0   |
+-----------------+---------+-------+--------+--------+

+ Detail: 
    * Instance: 
    N/A

    * Memory: 
    N/A

    * FIFO: 
    N/A

    * Expression: 
    +----------------------------------+----------+-------+---+----+------------+------------+
    |           Variable Name          | Operation| DSP48E| FF| LUT| Bitwidth P0| Bitwidth P1|
    +----------------------------------+----------+-------+---+----+------------+------------+
    |tmp_91_fu_286_p2                  |     +    |      0|  0|   2|           2|           1|
    |p_inWordCounter_V_new_fu_300_p3   |  Select  |      0|  0|   2|           1|           1|
    |ap_sig_bdd_121                    |    and   |      0|  0|   1|           1|           1|
    |ap_sig_bdd_127                    |    and   |      0|  0|   1|           1|           1|
    |ap_sig_bdd_143                    |    and   |      0|  0|   1|           1|           1|
    |ap_sig_bdd_216                    |    and   |      0|  0|   1|           1|           1|
    |ap_sig_bdd_217                    |    and   |      0|  0|   1|           1|           1|
    |ap_sig_bdd_220                    |    and   |      0|  0|   1|           1|           1|
    |or_cond_fu_243_p2                 |    and   |      0|  0|   1|           1|           1|
    |tmp_90_fu_280_p2                  |   icmp   |      0|  0|   1|           2|           1|
    |tmp_s_fu_237_p2                   |   icmp   |      0|  0|   1|           2|           1|
    |ap_sig_bdd_91                     |    or    |      0|  0|   1|           1|           1|
    |p_inWordCounter_V_flag_fu_293_p2  |    or    |      0|  0|   1|           1|           1|
    +----------------------------------+----------+-------+---+----+------------+------------+
    |Total                             |          |      0|  0|  15|          16|          13|
    +----------------------------------+----------+-------+---+----+------------+------------+

    * Multiplexer: 
    +--------------------------------------+-----+-----------+-----+-----------+
    |                 Name                 | LUT | Input Size| Bits| Total Bits|
    +--------------------------------------+-----+-----------+-----+-----------+
    |bf_metadataTempBuffer_V               |  248|          2|  248|        496|
    |inWordCounter_V_flag_3_phi_fu_170_p6  |    1|          4|    1|          4|
    |inWordCounter_V_flag_phi_fu_149_p4    |    1|          3|    1|          3|
    |inWordCounter_V_new_3_phi_fu_183_p6   |    2|          3|    2|          6|
    +--------------------------------------+-----+-----------+-----+-----------+
    |Total                                 |  252|         12|  252|        509|
    +--------------------------------------+-----+-----------+-----+-----------+

    * Register: 
    +-------------------------+-----+----+-----+-----------+
    |           Name          |  FF | LUT| Bits| Const Bits|
    +-------------------------+-----+----+-----+-----------+
    |ap_CS_fsm                |    1|   0|    1|          0|
    |ap_done_reg              |    1|   0|    1|          0|
    |bf_metadataTempBuffer_V  |  248|   0|  248|          0|
    |inWordCounter_V          |    2|   0|    2|          0|
    +-------------------------+-----+----+-----+-----------+
    |Total                    |  252|   0|  252|          0|
    +-------------------------+-----+----+-----+-----------+



================================================================
== Interface
================================================================
* Summary: 
+------------------------------------+-----+-----+------------+------------------------------+--------------+
|              RTL Ports             | Dir | Bits|  Protocol  |         Source Object        |    C Type    |
+------------------------------------+-----+-----+------------+------------------------------+--------------+
|ap_clk                              |  in |    1| ap_ctrl_hs | memcachedPipeline_response_f | return value |
|ap_rst                              |  in |    1| ap_ctrl_hs | memcachedPipeline_response_f | return value |
|ap_start                            |  in |    1| ap_ctrl_hs | memcachedPipeline_response_f | return value |
|ap_done                             | out |    1| ap_ctrl_hs | memcachedPipeline_response_f | return value |
|ap_continue                         |  in |    1| ap_ctrl_hs | memcachedPipeline_response_f | return value |
|ap_idle                             | out |    1| ap_ctrl_hs | memcachedPipeline_response_f | return value |
|ap_ready                            | out |    1| ap_ctrl_hs | memcachedPipeline_response_f | return value |
|valueBuffer_rf_V_V_din              | out |   64|   ap_fifo  |      valueBuffer_rf_V_V      |    pointer   |
|valueBuffer_rf_V_V_full_n           |  in |    1|   ap_fifo  |      valueBuffer_rf_V_V      |    pointer   |
|valueBuffer_rf_V_V_write            | out |    1|   ap_fifo  |      valueBuffer_rf_V_V      |    pointer   |
|metadataBuffer_rf_V_V_din           | out |  248|   ap_fifo  |     metadataBuffer_rf_V_V    |    pointer   |
|metadataBuffer_rf_V_V_full_n        |  in |    1|   ap_fifo  |     metadataBuffer_rf_V_V    |    pointer   |
|metadataBuffer_rf_V_V_write         | out |    1|   ap_fifo  |     metadataBuffer_rf_V_V    |    pointer   |
|merger2responseFormatter_V_dout     |  in |  256|   ap_fifo  |  merger2responseFormatter_V  |    pointer   |
|merger2responseFormatter_V_empty_n  |  in |    1|   ap_fifo  |  merger2responseFormatter_V  |    pointer   |
|merger2responseFormatter_V_read     | out |    1|   ap_fifo  |  merger2responseFormatter_V  |    pointer   |
+------------------------------------+-----+-----+------------+------------------------------+--------------+

============================================================
+ Verbose Summary: Synthesis Manager
============================================================
InlineROM: 1
ExposeGlobal: 0
============================================================
+ Verbose Summary: CDFG Model
============================================================
IsTopModel: 0
ResetActiveHigh: 1
IsCombinational: 2
IsDatapathOnly: 0
HasWiredReturn: 1
HasMFsm: 1
HasVarLatency: 0
IsPipeline: 1
IsRtlPipelined: 0
IsInstanceOverlapped: 0
IsDontTouch: 0
HasImplIP: 0
IsGatedGlobalClock: 0

+ Individual pipeline summary: 
  * Pipeline-0: initiation interval (II) = 1, depth = 1


============================================================
+ Verbose Summary: Schedule
============================================================
* Number of FSM states: 1
* Pipeline: 1
  Pipeline-0: II = 1, D = 1, States = { 1 }
* Dataflow Pipeline: 0

* FSM state transitions: 
1 --> 
* FSM state operations: 

 <State 1>: 5.83ns
ST_1: stg_2 [1/1] 0.00ns
codeRepl:0  call void (...)* @_ssdm_op_SpecInterface(i64* @valueBuffer_rf_V_V, [8 x i8]* @str1538, i32 0, i32 0, i32 0, i32 0, [1 x i8]* @str1539, [1 x i8]* @str1539, [8 x i8]* @str1538)

ST_1: stg_3 [1/1] 0.00ns
codeRepl:1  call void (...)* @_ssdm_op_SpecInterface(i248* @metadataBuffer_rf_V_V, [8 x i8]* @str1534, i32 0, i32 0, i32 0, i32 0, [1 x i8]* @str1535, [1 x i8]* @str1535, [8 x i8]* @str1534)

ST_1: stg_4 [1/1] 0.00ns
codeRepl:2  call void (...)* @_ssdm_op_SpecInterface(i256* @merger2responseFormatter_V, [8 x i8]* @str1258, i32 0, i32 0, i32 0, i32 0, [1 x i8]* @str1259, [1 x i8]* @str1259, [8 x i8]* @str1258) nounwind

ST_1: stg_5 [1/1] 0.00ns
codeRepl:3  call void (...)* @_ssdm_op_SpecInterface(i256* @merger2responseFormatter_V, [8 x i8]* @str1254, i32 0, i32 0, i32 0, i32 0, [1 x i8]* @str1255, [1 x i8]* @str1255, [8 x i8]* @str1254) nounwind

ST_1: stg_6 [1/1] 0.00ns
codeRepl:4  call void (...)* @_ssdm_op_SpecInterface(i256* @merger2responseFormatter_V, [8 x i8]* @str1250, i32 0, i32 0, i32 0, i32 0, [1 x i8]* @str1251, [1 x i8]* @str1251, [8 x i8]* @str1250) nounwind

ST_1: stg_7 [1/1] 0.00ns
codeRepl:5  call void (...)* @_ssdm_op_SpecInterface(i256* @merger2responseFormatter_V, [8 x i8]* @str1246, i32 0, i32 0, i32 0, i32 0, [1 x i8]* @str1247, [1 x i8]* @str1247, [8 x i8]* @str1246) nounwind

ST_1: stg_8 [1/1] 0.00ns
codeRepl:6  call void (...)* @_ssdm_op_SpecInterface(i256* @merger2responseFormatter_V, [8 x i8]* @str1242, i32 0, i32 0, i32 0, i32 0, [1 x i8]* @str1243, [1 x i8]* @str1243, [8 x i8]* @str1242) nounwind

ST_1: stg_9 [1/1] 0.00ns
codeRepl:7  call void (...)* @_ssdm_op_SpecInterface(i256* @merger2responseFormatter_V, [8 x i8]* @str1238, i32 0, i32 0, i32 0, i32 0, [1 x i8]* @str1239, [1 x i8]* @str1239, [8 x i8]* @str1238) nounwind

ST_1: stg_10 [1/1] 0.00ns
codeRepl:8  call void (...)* @_ssdm_op_SpecInterface(i256* @merger2responseFormatter_V, [8 x i8]* @str1234, i32 0, i32 0, i32 0, i32 0, [1 x i8]* @str1235, [1 x i8]* @str1235, [8 x i8]* @str1234) nounwind

ST_1: stg_11 [1/1] 0.00ns
codeRepl:9  call void (...)* @_ssdm_op_SpecPipeline(i32 1, i32 2, i32 1, i32 0, [1 x i8]* @p_str164) nounwind

ST_1: tmp [1/1] 0.00ns
codeRepl:10  %tmp = call i1 @_ssdm_op_NbWriteReq.ap_fifo.i64P(i64* @valueBuffer_rf_V_V, i32 1) nounwind

ST_1: stg_13 [1/1] 0.00ns
codeRepl:11  br i1 %tmp, label %0, label %._crit_edge112

ST_1: tmp_39 [1/1] 0.00ns
:0  %tmp_39 = call i1 @_ssdm_op_NbWriteReq.ap_fifo.i248P(i248* @metadataBuffer_rf_V_V, i32 1) nounwind

ST_1: stg_15 [1/1] 0.00ns
:1  br i1 %tmp_39, label %1, label %._crit_edge112

ST_1: tmp_40 [1/1] 0.00ns
:0  %tmp_40 = call i1 @_ssdm_op_NbReadReq.ap_fifo.i256P(i256* @merger2responseFormatter_V, i32 1) nounwind

ST_1: stg_17 [1/1] 0.00ns
:1  br i1 %tmp_40, label %2, label %._crit_edge112

ST_1: tmp51 [1/1] 2.91ns
:0  %tmp51 = call i256 @_ssdm_op_Read.ap_fifo.volatile.i256P(i256* @merger2responseFormatter_V) nounwind

ST_1: tmp_135 [1/1] 0.00ns
:1  %tmp_135 = trunc i256 %tmp51 to i124

ST_1: tmp_136 [1/1] 0.00ns
:2  %tmp_136 = call i1 @_ssdm_op_BitSelect.i1.i256.i32(i256 %tmp51, i32 124)

ST_1: tmp_137 [1/1] 0.00ns
:3  %tmp_137 = call i1 @_ssdm_op_BitSelect.i1.i256.i32(i256 %tmp51, i32 126)

ST_1: tmp_138 [1/1] 0.00ns
:4  %tmp_138 = call i1 @_ssdm_op_BitSelect.i1.i256.i32(i256 %tmp51, i32 127)

ST_1: tmp_V [1/1] 0.00ns
:5  %tmp_V = call i64 @_ssdm_op_PartSelect.i64.i256.i32.i32(i256 %tmp51, i32 128, i32 191)

ST_1: inWordCounter_V_load [1/1] 0.00ns
:6  %inWordCounter_V_load = load i2* @inWordCounter_V, align 1

ST_1: tmp_s [1/1] 0.76ns
:7  %tmp_s = icmp eq i2 %inWordCounter_V_load, 0

ST_1: or_cond [1/1] 0.71ns
:8  %or_cond = and i1 %tmp_136, %tmp_s

ST_1: p_Val2_s [1/1] 0.00ns
:9  %p_Val2_s = load i248* @bf_metadataTempBuffer_V, align 16

ST_1: stg_28 [1/1] 0.00ns
:10  br i1 %or_cond, label %3, label %._crit_edge115

ST_1: stg_29 [1/1] 0.89ns
._crit_edge115:0  br i1 %tmp_s, label %._crit_edge118, label %5

ST_1: tmp_139 [1/1] 0.00ns
:0  %tmp_139 = call i1 @_ssdm_op_BitSelect.i1.i2.i32(i2 %inWordCounter_V_load, i32 1)

ST_1: stg_31 [1/1] 0.89ns
:1  br i1 %tmp_139, label %._crit_edge119, label %6

ST_1: p_Result_2 [1/1] 0.00ns
:0  %p_Result_2 = call i248 @llvm.part.set.i248.i124(i248 %p_Val2_s, i124 %tmp_135, i32 124, i32 247)

ST_1: stg_33 [1/1] 0.89ns
:1  store i248 %p_Result_2, i248* @bf_metadataTempBuffer_V, align 16

ST_1: tmp_90 [1/1] 0.76ns
:2  %tmp_90 = icmp eq i2 %inWordCounter_V_load, 1

ST_1: stg_35 [1/1] 0.00ns
:3  br i1 %tmp_90, label %7, label %._crit_edge120

ST_1: stg_36 [1/1] 2.91ns
:0  call void @_ssdm_op_Write.ap_fifo.volatile.i248P(i248* @metadataBuffer_rf_V_V, i248 %p_Result_2) nounwind

ST_1: stg_37 [1/1] 0.00ns
:1  br label %._crit_edge120

ST_1: tmp_91 [1/1] 0.43ns
._crit_edge120:0  %tmp_91 = add i2 %inWordCounter_V_load, 1

ST_1: stg_39 [1/1] 0.89ns
._crit_edge120:1  br label %._crit_edge119

ST_1: inWordCounter_V_flag [1/1] 0.00ns
._crit_edge119:0  %inWordCounter_V_flag = phi i1 [ true, %._crit_edge120 ], [ false, %5 ]

ST_1: inWordCounter_V_new [1/1] 0.00ns
._crit_edge119:1  %inWordCounter_V_new = phi i2 [ %tmp_91, %._crit_edge120 ], [ undef, %5 ]

ST_1: stg_42 [1/1] 0.00ns
._crit_edge119:2  br i1 %tmp_137, label %8, label %._crit_edge121

ST_1: stg_43 [1/1] 2.91ns
:0  call void @_ssdm_op_Write.ap_fifo.volatile.i64P(i64* @valueBuffer_rf_V_V, i64 %tmp_V) nounwind

ST_1: stg_44 [1/1] 0.00ns
:1  br label %._crit_edge121

ST_1: p_inWordCounter_V_flag [1/1] 0.71ns
._crit_edge121:0  %p_inWordCounter_V_flag = or i1 %tmp_138, %inWordCounter_V_flag

ST_1: p_inWordCounter_V_new [1/1] 0.71ns
._crit_edge121:1  %p_inWordCounter_V_new = select i1 %tmp_138, i2 0, i2 %inWordCounter_V_new

ST_1: stg_47 [1/1] 0.89ns
._crit_edge121:2  br label %._crit_edge118

ST_1: p_Result_s [1/1] 0.00ns
:0  %p_Result_s = call i248 @llvm.part.set.i248.i124(i248 %p_Val2_s, i124 %tmp_135, i32 0, i32 123)

ST_1: stg_49 [1/1] 0.89ns
:1  store i248 %p_Result_s, i248* @bf_metadataTempBuffer_V, align 16

ST_1: stg_50 [1/1] 0.00ns
:2  br i1 %tmp_137, label %4, label %._crit_edge117

ST_1: stg_51 [1/1] 2.91ns
:0  call void @_ssdm_op_Write.ap_fifo.volatile.i64P(i64* @valueBuffer_rf_V_V, i64 %tmp_V) nounwind

ST_1: stg_52 [1/1] 0.00ns
:1  br label %._crit_edge117

ST_1: stg_53 [1/1] 0.89ns
._crit_edge117:0  br label %._crit_edge118

ST_1: inWordCounter_V_flag_3 [1/1] 0.00ns
._crit_edge118:0  %inWordCounter_V_flag_3 = phi i1 [ true, %._crit_edge117 ], [ false, %._crit_edge115 ], [ %p_inWordCounter_V_flag, %._crit_edge121 ]

ST_1: inWordCounter_V_new_3 [1/1] 0.00ns
._crit_edge118:1  %inWordCounter_V_new_3 = phi i2 [ 1, %._crit_edge117 ], [ undef, %._crit_edge115 ], [ %p_inWordCounter_V_new, %._crit_edge121 ]

ST_1: stg_56 [1/1] 0.00ns
._crit_edge118:2  br i1 %inWordCounter_V_flag_3, label %mergeST, label %.new

ST_1: stg_57 [1/1] 0.00ns
mergeST:0  store i2 %inWordCounter_V_new_3, i2* @inWordCounter_V, align 1

ST_1: stg_58 [1/1] 0.00ns
mergeST:1  br label %.new

ST_1: stg_59 [1/1] 0.00ns
.new:0  br label %._crit_edge112

ST_1: stg_60 [1/1] 0.00ns
._crit_edge112:0  ret void



============================================================
+ Verbose Summary: Binding
============================================================
STG Binding: 
---------------- STG Properties BEGIN ----------------
- Is combinational: 0
- Is one-state seq: 1
- Is datapath-only: 0
- Is clock enabled: 0
- Is pipelined: 1
- Is top level: 0
Port [ Return ] is wired: 1; IO mode=ap_ctrl_hs:ce=0
Port [ valueBuffer_rf_V_V]:  wired=1; compound=1; hidden=0; nouse=0; global=1; static=1; extern=0; dir=1; type=3; mode=0x7fa53ecf3200; pingpong=0; private_global=0; linkage=7; visibility=0; IO mode=ap_fifo:ce=0
Port [ metadataBuffer_rf_V_V]:  wired=1; compound=1; hidden=0; nouse=0; global=1; static=1; extern=0; dir=1; type=3; mode=0x7fa53ed38c40; pingpong=0; private_global=0; linkage=7; visibility=0; IO mode=ap_fifo:ce=0
Port [ merger2responseFormatter_V]:  wired=1; compound=1; hidden=0; nouse=0; global=1; static=1; extern=0; dir=0; type=3; mode=0x7fa53ed38be0; pingpong=0; private_global=0; linkage=7; visibility=0; IO mode=ap_fifo:ce=0
Port [ inWordCounter_V]:  wired=0; compound=0; hidden=1; nouse=0; global=1; static=1; extern=0; dir=2; type=0; mode=0x7fa53ed38b80; pingpong=0; private_global=1; linkage=7; visibility=0; IO mode=ap_ovld:ce=0
Port [ bf_metadataTempBuffer_V]:  wired=0; compound=0; hidden=1; nouse=0; global=1; static=1; extern=0; dir=2; type=0; mode=0x7fa53ed38b20; pingpong=0; private_global=1; linkage=7; visibility=0; IO mode=ap_ovld:ce=0
---------------- STG Properties END ------------------

---------------- Datapath Model BEGIN ----------------

<LifeTime>
<method=bitvector/>
stg_2                  (specinterface) [ 00]
stg_3                  (specinterface) [ 00]
stg_4                  (specinterface) [ 00]
stg_5                  (specinterface) [ 00]
stg_6                  (specinterface) [ 00]
stg_7                  (specinterface) [ 00]
stg_8                  (specinterface) [ 00]
stg_9                  (specinterface) [ 00]
stg_10                 (specinterface) [ 00]
stg_11                 (specpipeline ) [ 00]
tmp                    (nbwritereq   ) [ 01]
stg_13                 (br           ) [ 00]
tmp_39                 (nbwritereq   ) [ 01]
stg_15                 (br           ) [ 00]
tmp_40                 (nbreadreq    ) [ 01]
stg_17                 (br           ) [ 00]
tmp51                  (read         ) [ 00]
tmp_135                (trunc        ) [ 00]
tmp_136                (bitselect    ) [ 00]
tmp_137                (bitselect    ) [ 01]
tmp_138                (bitselect    ) [ 01]
tmp_V                  (partselect   ) [ 00]
inWordCounter_V_load   (load         ) [ 00]
tmp_s                  (icmp         ) [ 01]
or_cond                (and          ) [ 01]
p_Val2_s               (load         ) [ 00]
stg_28                 (br           ) [ 00]
stg_29                 (br           ) [ 00]
tmp_139                (bitselect    ) [ 01]
stg_31                 (br           ) [ 00]
p_Result_2             (partset      ) [ 00]
stg_33                 (store        ) [ 00]
tmp_90                 (icmp         ) [ 01]
stg_35                 (br           ) [ 00]
stg_36                 (write        ) [ 00]
stg_37                 (br           ) [ 00]
tmp_91                 (add          ) [ 00]
stg_39                 (br           ) [ 00]
inWordCounter_V_flag   (phi          ) [ 00]
inWordCounter_V_new    (phi          ) [ 00]
stg_42                 (br           ) [ 00]
stg_43                 (write        ) [ 00]
stg_44                 (br           ) [ 00]
p_inWordCounter_V_flag (or           ) [ 00]
p_inWordCounter_V_new  (select       ) [ 00]
stg_47                 (br           ) [ 00]
p_Result_s             (partset      ) [ 00]
stg_49                 (store        ) [ 00]
stg_50                 (br           ) [ 00]
stg_51                 (write        ) [ 00]
stg_52                 (br           ) [ 00]
stg_53                 (br           ) [ 00]
inWordCounter_V_flag_3 (phi          ) [ 01]
inWordCounter_V_new_3  (phi          ) [ 00]
stg_56                 (br           ) [ 00]
stg_57                 (store        ) [ 00]
stg_58                 (br           ) [ 00]
stg_59                 (br           ) [ 00]
stg_60                 (ret          ) [ 00]
</LifeTime>

<model>

<comp_list>
<comp id="0" class="1000" name="valueBuffer_rf_V_V">
<pin_list>
<pin id="1" dir="1" index="0" bw="1" slack="0"/>
</pin_list>
<bind>
<StgValue><ssdm name="valueBuffer_rf_V_V"/></StgValue>
</bind>
</comp>

<comp id="2" class="1000" name="metadataBuffer_rf_V_V">
<pin_list>
<pin id="3" dir="1" index="0" bw="1" slack="0"/>
</pin_list>
<bind>
<StgValue><ssdm name="metadataBuffer_rf_V_V"/></StgValue>
</bind>
</comp>

<comp id="4" class="1000" name="merger2responseFormatter_V">
<pin_list>
<pin id="5" dir="1" index="0" bw="1" slack="0"/>
</pin_list>
<bind>
<StgValue><ssdm name="merger2responseFormatter_V"/></StgValue>
</bind>
</comp>

<comp id="6" class="1000" name="inWordCounter_V">
<pin_list>
<pin id="7" dir="1" index="0" bw="1" slack="0"/>
</pin_list>
<bind>
<StgValue><ssdm name="inWordCounter_V"/></StgValue>
</bind>
</comp>

<comp id="8" class="1000" name="bf_metadataTempBuffer_V">
<pin_list>
<pin id="9" dir="1" index="0" bw="1" slack="0"/>
</pin_list>
<bind>
<StgValue><ssdm name="bf_metadataTempBuffer_V"/></StgValue>
</bind>
</comp>

<comp id="10" class="1001" name="const_10">
<pin_list>
<pin id="11" dir="1" index="0" bw="1" slack="2147483647"/>
</pin_list>
<bind>
<StgValue><ssdm name="_ssdm_op_SpecInterface"/></StgValue>
</bind>
</comp>

<comp id="12" class="1001" name="const_12">
<pin_list>
<pin id="13" dir="1" index="0" bw="1" slack="2147483647"/>
</pin_list>
<bind>
<StgValue><ssdm name="str1538"/></StgValue>
</bind>
</comp>

<comp id="14" class="1001" name="const_14">
<pin_list>
<pin id="15" dir="1" index="0" bw="1" slack="0"/>
</pin_list>
<bind>
<StgValue><ssdm name=""/></StgValue>
</bind>
</comp>

<comp id="16" class="1001" name="const_16">
<pin_list>
<pin id="17" dir="1" index="0" bw="1" slack="2147483647"/>
</pin_list>
<bind>
<StgValue><ssdm name="str1539"/></StgValue>
</bind>
</comp>

<comp id="18" class="1001" name="const_18">
<pin_list>
<pin id="19" dir="1" index="0" bw="1" slack="2147483647"/>
</pin_list>
<bind>
<StgValue><ssdm name="str1534"/></StgValue>
</bind>
</comp>

<comp id="20" class="1001" name="const_20">
<pin_list>
<pin id="21" dir="1" index="0" bw="1" slack="2147483647"/>
</pin_list>
<bind>
<StgValue><ssdm name="str1535"/></StgValue>
</bind>
</comp>

<comp id="22" class="1001" name="const_22">
<pin_list>
<pin id="23" dir="1" index="0" bw="1" slack="2147483647"/>
</pin_list>
<bind>
<StgValue><ssdm name="str1258"/></StgValue>
</bind>
</comp>

<comp id="24" class="1001" name="const_24">
<pin_list>
<pin id="25" dir="1" index="0" bw="1" slack="2147483647"/>
</pin_list>
<bind>
<StgValue><ssdm name="str1259"/></StgValue>
</bind>
</comp>

<comp id="26" class="1001" name="const_26">
<pin_list>
<pin id="27" dir="1" index="0" bw="1" slack="2147483647"/>
</pin_list>
<bind>
<StgValue><ssdm name="str1254"/></StgValue>
</bind>
</comp>

<comp id="28" class="1001" name="const_28">
<pin_list>
<pin id="29" dir="1" index="0" bw="1" slack="2147483647"/>
</pin_list>
<bind>
<StgValue><ssdm name="str1255"/></StgValue>
</bind>
</comp>

<comp id="30" class="1001" name="const_30">
<pin_list>
<pin id="31" dir="1" index="0" bw="1" slack="2147483647"/>
</pin_list>
<bind>
<StgValue><ssdm name="str1250"/></StgValue>
</bind>
</comp>

<comp id="32" class="1001" name="const_32">
<pin_list>
<pin id="33" dir="1" index="0" bw="1" slack="2147483647"/>
</pin_list>
<bind>
<StgValue><ssdm name="str1251"/></StgValue>
</bind>
</comp>

<comp id="34" class="1001" name="const_34">
<pin_list>
<pin id="35" dir="1" index="0" bw="1" slack="2147483647"/>
</pin_list>
<bind>
<StgValue><ssdm name="str1246"/></StgValue>
</bind>
</comp>

<comp id="36" class="1001" name="const_36">
<pin_list>
<pin id="37" dir="1" index="0" bw="1" slack="2147483647"/>
</pin_list>
<bind>
<StgValue><ssdm name="str1247"/></StgValue>
</bind>
</comp>

<comp id="38" class="1001" name="const_38">
<pin_list>
<pin id="39" dir="1" index="0" bw="1" slack="2147483647"/>
</pin_list>
<bind>
<StgValue><ssdm name="str1242"/></StgValue>
</bind>
</comp>

<comp id="40" class="1001" name="const_40">
<pin_list>
<pin id="41" dir="1" index="0" bw="1" slack="2147483647"/>
</pin_list>
<bind>
<StgValue><ssdm name="str1243"/></StgValue>
</bind>
</comp>

<comp id="42" class="1001" name="const_42">
<pin_list>
<pin id="43" dir="1" index="0" bw="1" slack="2147483647"/>
</pin_list>
<bind>
<StgValue><ssdm name="str1238"/></StgValue>
</bind>
</comp>

<comp id="44" class="1001" name="const_44">
<pin_list>
<pin id="45" dir="1" index="0" bw="1" slack="2147483647"/>
</pin_list>
<bind>
<StgValue><ssdm name="str1239"/></StgValue>
</bind>
</comp>

<comp id="46" class="1001" name="const_46">
<pin_list>
<pin id="47" dir="1" index="0" bw="1" slack="2147483647"/>
</pin_list>
<bind>
<StgValue><ssdm name="str1234"/></StgValue>
</bind>
</comp>

<comp id="48" class="1001" name="const_48">
<pin_list>
<pin id="49" dir="1" index="0" bw="1" slack="2147483647"/>
</pin_list>
<bind>
<StgValue><ssdm name="str1235"/></StgValue>
</bind>
</comp>

<comp id="50" class="1001" name="const_50">
<pin_list>
<pin id="51" dir="1" index="0" bw="1" slack="2147483647"/>
</pin_list>
<bind>
<StgValue><ssdm name="_ssdm_op_SpecPipeline"/></StgValue>
</bind>
</comp>

<comp id="52" class="1001" name="const_52">
<pin_list>
<pin id="53" dir="1" index="0" bw="1" slack="0"/>
</pin_list>
<bind>
<StgValue><ssdm name=""/></StgValue>
</bind>
</comp>

<comp id="54" class="1001" name="const_54">
<pin_list>
<pin id="55" dir="1" index="0" bw="1" slack="2147483647"/>
</pin_list>
<bind>
<StgValue><ssdm name=""/></StgValue>
</bind>
</comp>

<comp id="56" class="1001" name="const_56">
<pin_list>
<pin id="57" dir="1" index="0" bw="1" slack="2147483647"/>
</pin_list>
<bind>
<StgValue><ssdm name="p_str164"/></StgValue>
</bind>
</comp>

<comp id="58" class="1001" name="const_58">
<pin_list>
<pin id="59" dir="1" index="0" bw="1" slack="0"/>
</pin_list>
<bind>
<StgValue><ssdm name="_ssdm_op_NbWriteReq.ap_fifo.i64P"/></StgValue>
</bind>
</comp>

<comp id="60" class="1001" name="const_60">
<pin_list>
<pin id="61" dir="1" index="0" bw="1" slack="0"/>
</pin_list>
<bind>
<StgValue><ssdm name="_ssdm_op_NbWriteReq.ap_fifo.i248P"/></StgValue>
</bind>
</comp>

<comp id="62" class="1001" name="const_62">
<pin_list>
<pin id="63" dir="1" index="0" bw="1" slack="0"/>
</pin_list>
<bind>
<StgValue><ssdm name="_ssdm_op_NbReadReq.ap_fifo.i256P"/></StgValue>
</bind>
</comp>

<comp id="64" class="1001" name="const_64">
<pin_list>
<pin id="65" dir="1" index="0" bw="1" slack="0"/>
</pin_list>
<bind>
<StgValue><ssdm name="_ssdm_op_Read.ap_fifo.volatile.i256P"/></StgValue>
</bind>
</comp>

<comp id="66" class="1001" name="const_66">
<pin_list>
<pin id="67" dir="1" index="0" bw="1" slack="0"/>
</pin_list>
<bind>
<StgValue><ssdm name="_ssdm_op_BitSelect.i1.i256.i32"/></StgValue>
</bind>
</comp>

<comp id="68" class="1001" name="const_68">
<pin_list>
<pin id="69" dir="1" index="0" bw="1" slack="0"/>
</pin_list>
<bind>
<StgValue><ssdm name=""/></StgValue>
</bind>
</comp>

<comp id="70" class="1001" name="const_70">
<pin_list>
<pin id="71" dir="1" index="0" bw="1" slack="0"/>
</pin_list>
<bind>
<StgValue><ssdm name=""/></StgValue>
</bind>
</comp>

<comp id="72" class="1001" name="const_72">
<pin_list>
<pin id="73" dir="1" index="0" bw="1" slack="0"/>
</pin_list>
<bind>
<StgValue><ssdm name=""/></StgValue>
</bind>
</comp>

<comp id="74" class="1001" name="const_74">
<pin_list>
<pin id="75" dir="1" index="0" bw="1" slack="0"/>
</pin_list>
<bind>
<StgValue><ssdm name="_ssdm_op_PartSelect.i64.i256.i32.i32"/></StgValue>
</bind>
</comp>

<comp id="76" class="1001" name="const_76">
<pin_list>
<pin id="77" dir="1" index="0" bw="1" slack="0"/>
</pin_list>
<bind>
<StgValue><ssdm name=""/></StgValue>
</bind>
</comp>

<comp id="78" class="1001" name="const_78">
<pin_list>
<pin id="79" dir="1" index="0" bw="1" slack="0"/>
</pin_list>
<bind>
<StgValue><ssdm name=""/></StgValue>
</bind>
</comp>

<comp id="80" class="1001" name="const_80">
<pin_list>
<pin id="81" dir="1" index="0" bw="1" slack="0"/>
</pin_list>
<bind>
<StgValue><ssdm name=""/></StgValue>
</bind>
</comp>

<comp id="82" class="1001" name="const_82">
<pin_list>
<pin id="83" dir="1" index="0" bw="1" slack="0"/>
</pin_list>
<bind>
<StgValue><ssdm name="_ssdm_op_BitSelect.i1.i2.i32"/></StgValue>
</bind>
</comp>

<comp id="84" class="1001" name="const_84">
<pin_list>
<pin id="85" dir="1" index="0" bw="1" slack="0"/>
</pin_list>
<bind>
<StgValue><ssdm name="llvm.part.set.i248.i124"/></StgValue>
</bind>
</comp>

<comp id="86" class="1001" name="const_86">
<pin_list>
<pin id="87" dir="1" index="0" bw="1" slack="0"/>
</pin_list>
<bind>
<StgValue><ssdm name=""/></StgValue>
</bind>
</comp>

<comp id="88" class="1001" name="const_88">
<pin_list>
<pin id="89" dir="1" index="0" bw="1" slack="0"/>
</pin_list>
<bind>
<StgValue><ssdm name=""/></StgValue>
</bind>
</comp>

<comp id="90" class="1001" name="const_90">
<pin_list>
<pin id="91" dir="1" index="0" bw="1" slack="0"/>
</pin_list>
<bind>
<StgValue><ssdm name="_ssdm_op_Write.ap_fifo.volatile.i248P"/></StgValue>
</bind>
</comp>

<comp id="92" class="1001" name="const_92">
<pin_list>
<pin id="93" dir="1" index="0" bw="1" slack="0"/>
</pin_list>
<bind>
<StgValue><ssdm name=""/></StgValue>
</bind>
</comp>

<comp id="94" class="1001" name="const_94">
<pin_list>
<pin id="95" dir="1" index="0" bw="1" slack="0"/>
</pin_list>
<bind>
<StgValue><ssdm name=""/></StgValue>
</bind>
</comp>

<comp id="96" class="1001" name="const_96">
<pin_list>
<pin id="97" dir="1" index="0" bw="1" slack="0"/>
</pin_list>
<bind>
<StgValue><ssdm name=""/></StgValue>
</bind>
</comp>

<comp id="98" class="1001" name="const_98">
<pin_list>
<pin id="99" dir="1" index="0" bw="1" slack="0"/>
</pin_list>
<bind>
<StgValue><ssdm name="_ssdm_op_Write.ap_fifo.volatile.i64P"/></StgValue>
</bind>
</comp>

<comp id="100" class="1001" name="const_100">
<pin_list>
<pin id="101" dir="1" index="0" bw="1" slack="0"/>
</pin_list>
<bind>
<StgValue><ssdm name=""/></StgValue>
</bind>
</comp>

<comp id="102" class="1004" name="tmp_nbwritereq_fu_102">
<pin_list>
<pin id="103" dir="0" index="0" bw="1" slack="0"/>
<pin id="104" dir="0" index="1" bw="64" slack="0"/>
<pin id="105" dir="0" index="2" bw="1" slack="0"/>
<pin id="106" dir="1" index="3" bw="1" slack="2147483647"/>
</pin_list>
<bind>
<opcode="nbwritereq(1157) " fcode="nbwritereq"/>
<opset="tmp/1 "/>
</bind>
</comp>

<comp id="110" class="1004" name="tmp_39_nbwritereq_fu_110">
<pin_list>
<pin id="111" dir="0" index="0" bw="1" slack="0"/>
<pin id="112" dir="0" index="1" bw="248" slack="0"/>
<pin id="113" dir="0" index="2" bw="1" slack="0"/>
<pin id="114" dir="1" index="3" bw="1" slack="2147483647"/>
</pin_list>
<bind>
<opcode="nbwritereq(1157) " fcode="nbwritereq"/>
<opset="tmp_39/1 "/>
</bind>
</comp>

<comp id="118" class="1004" name="tmp_40_nbreadreq_fu_118">
<pin_list>
<pin id="119" dir="0" index="0" bw="1" slack="0"/>
<pin id="120" dir="0" index="1" bw="256" slack="0"/>
<pin id="121" dir="0" index="2" bw="1" slack="0"/>
<pin id="122" dir="1" index="3" bw="1" slack="2147483647"/>
</pin_list>
<bind>
<opcode="nbreadreq(1156) " fcode="nbreadreq"/>
<opset="tmp_40/1 "/>
</bind>
</comp>

<comp id="126" class="1004" name="tmp51_read_fu_126">
<pin_list>
<pin id="127" dir="0" index="0" bw="256" slack="0"/>
<pin id="128" dir="0" index="1" bw="256" slack="0"/>
<pin id="129" dir="1" index="2" bw="256" slack="0"/>
</pin_list>
<bind>
<opcode="read(1150) " fcode="read"/>
<opset="tmp51/1 "/>
</bind>
</comp>

<comp id="132" class="1004" name="stg_36_write_fu_132">
<pin_list>
<pin id="133" dir="0" index="0" bw="0" slack="0"/>
<pin id="134" dir="0" index="1" bw="248" slack="0"/>
<pin id="135" dir="0" index="2" bw="248" slack="0"/>
<pin id="136" dir="1" index="3" bw="0" slack="2147483647"/>
</pin_list>
<bind>
<opcode="write(1151) " fcode="write"/>
<opset="stg_36/1 "/>
</bind>
</comp>

<comp id="139" class="1004" name="grp_write_fu_139">
<pin_list>
<pin id="140" dir="0" index="0" bw="0" slack="0"/>
<pin id="141" dir="0" index="1" bw="64" slack="0"/>
<pin id="142" dir="0" index="2" bw="64" slack="0"/>
<pin id="143" dir="1" index="3" bw="0" slack="2147483647"/>
</pin_list>
<bind>
<opcode="write(1151) " fcode="write"/>
<opset="stg_43/1 stg_51/1 "/>
</bind>
</comp>

<comp id="146" class="1005" name="inWordCounter_V_flag_reg_146">
<pin_list>
<pin id="147" dir="0" index="0" bw="1" slack="2147483647"/>
<pin id="148" dir="1" index="1" bw="1" slack="2147483647"/>
</pin_list>
<bind>
<opset="inWordCounter_V_flag (phireg) "/>
</bind>
</comp>

<comp id="149" class="1004" name="inWordCounter_V_flag_phi_fu_149">
<pin_list>
<pin id="150" dir="0" index="0" bw="1" slack="0"/>
<pin id="151" dir="0" index="1" bw="0" slack="2147483647"/>
<pin id="152" dir="0" index="2" bw="1" slack="0"/>
<pin id="153" dir="0" index="3" bw="0" slack="2147483647"/>
<pin id="154" dir="1" index="4" bw="1" slack="0"/>
</pin_list>
<bind>
<opcode="phi(47) " fcode="phi"/>
<opset="inWordCounter_V_flag/1 "/>
</bind>
</comp>

<comp id="157" class="1005" name="inWordCounter_V_new_reg_157">
<pin_list>
<pin id="158" dir="0" index="0" bw="2" slack="2147483647"/>
<pin id="159" dir="1" index="1" bw="2" slack="2147483647"/>
</pin_list>
<bind>
<opset="inWordCounter_V_new (phireg) "/>
</bind>
</comp>

<comp id="160" class="1004" name="inWordCounter_V_new_phi_fu_160">
<pin_list>
<pin id="161" dir="0" index="0" bw="2" slack="0"/>
<pin id="162" dir="0" index="1" bw="0" slack="2147483647"/>
<pin id="163" dir="0" index="2" bw="1" slack="0"/>
<pin id="164" dir="0" index="3" bw="0" slack="2147483647"/>
<pin id="165" dir="1" index="4" bw="2" slack="0"/>
</pin_list>
<bind>
<opcode="phi(47) " fcode="phi"/>
<opset="inWordCounter_V_new/1 "/>
</bind>
</comp>

<comp id="167" class="1005" name="inWordCounter_V_flag_3_reg_167">
<pin_list>
<pin id="168" dir="0" index="0" bw="1" slack="2147483647"/>
<pin id="169" dir="1" index="1" bw="1" slack="2147483647"/>
</pin_list>
<bind>
<opset="inWordCounter_V_flag_3 (phireg) "/>
</bind>
</comp>

<comp id="170" class="1004" name="inWordCounter_V_flag_3_phi_fu_170">
<pin_list>
<pin id="171" dir="0" index="0" bw="1" slack="0"/>
<pin id="172" dir="0" index="1" bw="0" slack="2147483647"/>
<pin id="173" dir="0" index="2" bw="1" slack="0"/>
<pin id="174" dir="0" index="3" bw="0" slack="2147483647"/>
<pin id="175" dir="0" index="4" bw="1" slack="0"/>
<pin id="176" dir="0" index="5" bw="0" slack="2147483647"/>
<pin id="177" dir="1" index="6" bw="1" slack="2147483647"/>
</pin_list>
<bind>
<opcode="phi(47) " fcode="phi"/>
<opset="inWordCounter_V_flag_3/1 "/>
</bind>
</comp>

<comp id="180" class="1005" name="inWordCounter_V_new_3_reg_180">
<pin_list>
<pin id="181" dir="0" index="0" bw="2" slack="2147483647"/>
<pin id="182" dir="1" index="1" bw="2" slack="2147483647"/>
</pin_list>
<bind>
<opset="inWordCounter_V_new_3 (phireg) "/>
</bind>
</comp>

<comp id="183" class="1004" name="inWordCounter_V_new_3_phi_fu_183">
<pin_list>
<pin id="184" dir="0" index="0" bw="1" slack="0"/>
<pin id="185" dir="0" index="1" bw="0" slack="2147483647"/>
<pin id="186" dir="0" index="2" bw="1" slack="0"/>
<pin id="187" dir="0" index="3" bw="0" slack="2147483647"/>
<pin id="188" dir="0" index="4" bw="2" slack="0"/>
<pin id="189" dir="0" index="5" bw="0" slack="2147483647"/>
<pin id="190" dir="1" index="6" bw="2" slack="0"/>
</pin_list>
<bind>
<opcode="phi(47) " fcode="phi"/>
<opset="inWordCounter_V_new_3/1 "/>
</bind>
</comp>

<comp id="194" class="1004" name="tmp_135_fu_194">
<pin_list>
<pin id="195" dir="0" index="0" bw="256" slack="0"/>
<pin id="196" dir="1" index="1" bw="124" slack="0"/>
</pin_list>
<bind>
<opcode="trunc(33) " fcode="trunc"/>
<opset="tmp_135/1 "/>
</bind>
</comp>

<comp id="198" class="1004" name="tmp_136_fu_198">
<pin_list>
<pin id="199" dir="0" index="0" bw="1" slack="0"/>
<pin id="200" dir="0" index="1" bw="256" slack="0"/>
<pin id="201" dir="0" index="2" bw="8" slack="0"/>
<pin id="202" dir="1" index="3" bw="1" slack="0"/>
</pin_list>
<bind>
<opcode="bitselect(1000) " fcode="bitselect"/>
<opset="tmp_136/1 "/>
</bind>
</comp>

<comp id="206" class="1004" name="tmp_137_fu_206">
<pin_list>
<pin id="207" dir="0" index="0" bw="1" slack="0"/>
<pin id="208" dir="0" index="1" bw="256" slack="0"/>
<pin id="209" dir="0" index="2" bw="8" slack="0"/>
<pin id="210" dir="1" index="3" bw="1" slack="2147483647"/>
</pin_list>
<bind>
<opcode="bitselect(1000) " fcode="bitselect"/>
<opset="tmp_137/1 "/>
</bind>
</comp>

<comp id="214" class="1004" name="tmp_138_fu_214">
<pin_list>
<pin id="215" dir="0" index="0" bw="1" slack="0"/>
<pin id="216" dir="0" index="1" bw="256" slack="0"/>
<pin id="217" dir="0" index="2" bw="8" slack="0"/>
<pin id="218" dir="1" index="3" bw="1" slack="0"/>
</pin_list>
<bind>
<opcode="bitselect(1000) " fcode="bitselect"/>
<opset="tmp_138/1 "/>
</bind>
</comp>

<comp id="222" class="1004" name="tmp_V_fu_222">
<pin_list>
<pin id="223" dir="0" index="0" bw="64" slack="0"/>
<pin id="224" dir="0" index="1" bw="256" slack="0"/>
<pin id="225" dir="0" index="2" bw="9" slack="0"/>
<pin id="226" dir="0" index="3" bw="9" slack="0"/>
<pin id="227" dir="1" index="4" bw="64" slack="0"/>
</pin_list>
<bind>
<opcode="partselect(1002) " fcode="partselect"/>
<opset="tmp_V/1 "/>
</bind>
</comp>

<comp id="233" class="1004" name="inWordCounter_V_load_load_fu_233">
<pin_list>
<pin id="234" dir="0" index="0" bw="2" slack="0"/>
<pin id="235" dir="1" index="1" bw="2" slack="0"/>
</pin_list>
<bind>
<opcode="load(27) " fcode="load"/>
<opset="inWordCounter_V_load/1 "/>
</bind>
</comp>

<comp id="237" class="1004" name="tmp_s_fu_237">
<pin_list>
<pin id="238" dir="0" index="0" bw="2" slack="0"/>
<pin id="239" dir="0" index="1" bw="2" slack="0"/>
<pin id="240" dir="1" index="2" bw="1" slack="0"/>
</pin_list>
<bind>
<opcode="icmp(45) " fcode="icmp"/>
<opset="tmp_s/1 "/>
</bind>
</comp>

<comp id="243" class="1004" name="or_cond_fu_243">
<pin_list>
<pin id="244" dir="0" index="0" bw="1" slack="0"/>
<pin id="245" dir="0" index="1" bw="1" slack="0"/>
<pin id="246" dir="1" index="2" bw="1" slack="2147483647"/>
</pin_list>
<bind>
<opcode="and(23) " fcode="and"/>
<opset="or_cond/1 "/>
</bind>
</comp>

<comp id="249" class="1004" name="p_Val2_s_load_fu_249">
<pin_list>
<pin id="250" dir="0" index="0" bw="248" slack="0"/>
<pin id="251" dir="1" index="1" bw="248" slack="0"/>
</pin_list>
<bind>
<opcode="load(27) " fcode="load"/>
<opset="p_Val2_s/1 "/>
</bind>
</comp>

<comp id="253" class="1004" name="tmp_139_fu_253">
<pin_list>
<pin id="254" dir="0" index="0" bw="1" slack="0"/>
<pin id="255" dir="0" index="1" bw="2" slack="0"/>
<pin id="256" dir="0" index="2" bw="1" slack="0"/>
<pin id="257" dir="1" index="3" bw="1" slack="2147483647"/>
</pin_list>
<bind>
<opcode="bitselect(1000) " fcode="bitselect"/>
<opset="tmp_139/1 "/>
</bind>
</comp>

<comp id="261" class="1004" name="p_Result_2_fu_261">
<pin_list>
<pin id="262" dir="0" index="0" bw="248" slack="0"/>
<pin id="263" dir="0" index="1" bw="248" slack="0"/>
<pin id="264" dir="0" index="2" bw="124" slack="0"/>
<pin id="265" dir="0" index="3" bw="8" slack="0"/>
<pin id="266" dir="0" index="4" bw="9" slack="0"/>
<pin id="267" dir="1" index="5" bw="248" slack="0"/>
</pin_list>
<bind>
<opcode="partset(1003) " fcode="partset"/>
<opset="p_Result_2/1 "/>
</bind>
</comp>

<comp id="274" class="1004" name="stg_33_store_fu_274">
<pin_list>
<pin id="275" dir="0" index="0" bw="248" slack="0"/>
<pin id="276" dir="0" index="1" bw="248" slack="0"/>
<pin id="277" dir="1" index="2" bw="0" slack="2147483647"/>
</pin_list>
<bind>
<opcode="store(28) " fcode="store"/>
<opset="stg_33/1 "/>
</bind>
</comp>

<comp id="280" class="1004" name="tmp_90_fu_280">
<pin_list>
<pin id="281" dir="0" index="0" bw="2" slack="0"/>
<pin id="282" dir="0" index="1" bw="2" slack="0"/>
<pin id="283" dir="1" index="2" bw="1" slack="2147483647"/>
</pin_list>
<bind>
<opcode="icmp(45) " fcode="icmp"/>
<opset="tmp_90/1 "/>
</bind>
</comp>

<comp id="286" class="1004" name="tmp_91_fu_286">
<pin_list>
<pin id="287" dir="0" index="0" bw="2" slack="0"/>
<pin id="288" dir="0" index="1" bw="1" slack="0"/>
<pin id="289" dir="1" index="2" bw="2" slack="0"/>
</pin_list>
<bind>
<opcode="add(8) " fcode="add"/>
<opset="tmp_91/1 "/>
</bind>
</comp>

<comp id="293" class="1004" name="p_inWordCounter_V_flag_fu_293">
<pin_list>
<pin id="294" dir="0" index="0" bw="1" slack="0"/>
<pin id="295" dir="0" index="1" bw="1" slack="0"/>
<pin id="296" dir="1" index="2" bw="1" slack="0"/>
</pin_list>
<bind>
<opcode="or(24) " fcode="or"/>
<opset="p_inWordCounter_V_flag/1 "/>
</bind>
</comp>

<comp id="300" class="1004" name="p_inWordCounter_V_new_fu_300">
<pin_list>
<pin id="301" dir="0" index="0" bw="1" slack="0"/>
<pin id="302" dir="0" index="1" bw="2" slack="0"/>
<pin id="303" dir="0" index="2" bw="2" slack="0"/>
<pin id="304" dir="1" index="3" bw="2" slack="0"/>
</pin_list>
<bind>
<opcode="select(49) " fcode="select"/>
<opset="p_inWordCounter_V_new/1 "/>
</bind>
</comp>

<comp id="309" class="1004" name="p_Result_s_fu_309">
<pin_list>
<pin id="310" dir="0" index="0" bw="248" slack="0"/>
<pin id="311" dir="0" index="1" bw="248" slack="0"/>
<pin id="312" dir="0" index="2" bw="124" slack="0"/>
<pin id="313" dir="0" index="3" bw="1" slack="0"/>
<pin id="314" dir="0" index="4" bw="8" slack="0"/>
<pin id="315" dir="1" index="5" bw="248" slack="0"/>
</pin_list>
<bind>
<opcode="partset(1003) " fcode="partset"/>
<opset="p_Result_s/1 "/>
</bind>
</comp>

<comp id="321" class="1004" name="stg_49_store_fu_321">
<pin_list>
<pin id="322" dir="0" index="0" bw="248" slack="0"/>
<pin id="323" dir="0" index="1" bw="248" slack="0"/>
<pin id="324" dir="1" index="2" bw="0" slack="2147483647"/>
</pin_list>
<bind>
<opcode="store(28) " fcode="store"/>
<opset="stg_49/1 "/>
</bind>
</comp>

<comp id="327" class="1004" name="stg_57_store_fu_327">
<pin_list>
<pin id="328" dir="0" index="0" bw="2" slack="0"/>
<pin id="329" dir="0" index="1" bw="2" slack="0"/>
<pin id="330" dir="1" index="2" bw="0" slack="2147483647"/>
</pin_list>
<bind>
<opcode="store(28) " fcode="store"/>
<opset="stg_57/1 "/>
</bind>
</comp>

</comp_list>

<net_list>
<net id="107"><net_src comp="58" pin="0"/><net_sink comp="102" pin=0"/></net>

<net id="108"><net_src comp="0" pin="0"/><net_sink comp="102" pin=1"/></net>

<net id="109"><net_src comp="52" pin="0"/><net_sink comp="102" pin=2"/></net>

<net id="115"><net_src comp="60" pin="0"/><net_sink comp="110" pin=0"/></net>

<net id="116"><net_src comp="2" pin="0"/><net_sink comp="110" pin=1"/></net>

<net id="117"><net_src comp="52" pin="0"/><net_sink comp="110" pin=2"/></net>

<net id="123"><net_src comp="62" pin="0"/><net_sink comp="118" pin=0"/></net>

<net id="124"><net_src comp="4" pin="0"/><net_sink comp="118" pin=1"/></net>

<net id="125"><net_src comp="52" pin="0"/><net_sink comp="118" pin=2"/></net>

<net id="130"><net_src comp="64" pin="0"/><net_sink comp="126" pin=0"/></net>

<net id="131"><net_src comp="4" pin="0"/><net_sink comp="126" pin=1"/></net>

<net id="137"><net_src comp="90" pin="0"/><net_sink comp="132" pin=0"/></net>

<net id="138"><net_src comp="2" pin="0"/><net_sink comp="132" pin=1"/></net>

<net id="144"><net_src comp="98" pin="0"/><net_sink comp="139" pin=0"/></net>

<net id="145"><net_src comp="0" pin="0"/><net_sink comp="139" pin=1"/></net>

<net id="155"><net_src comp="92" pin="0"/><net_sink comp="149" pin=0"/></net>

<net id="156"><net_src comp="94" pin="0"/><net_sink comp="149" pin=2"/></net>

<net id="166"><net_src comp="96" pin="0"/><net_sink comp="160" pin=2"/></net>

<net id="178"><net_src comp="92" pin="0"/><net_sink comp="170" pin=0"/></net>

<net id="179"><net_src comp="94" pin="0"/><net_sink comp="170" pin=2"/></net>

<net id="191"><net_src comp="88" pin="0"/><net_sink comp="183" pin=0"/></net>

<net id="192"><net_src comp="96" pin="0"/><net_sink comp="183" pin=2"/></net>

<net id="197"><net_src comp="126" pin="2"/><net_sink comp="194" pin=0"/></net>

<net id="203"><net_src comp="66" pin="0"/><net_sink comp="198" pin=0"/></net>

<net id="204"><net_src comp="126" pin="2"/><net_sink comp="198" pin=1"/></net>

<net id="205"><net_src comp="68" pin="0"/><net_sink comp="198" pin=2"/></net>

<net id="211"><net_src comp="66" pin="0"/><net_sink comp="206" pin=0"/></net>

<net id="212"><net_src comp="126" pin="2"/><net_sink comp="206" pin=1"/></net>

<net id="213"><net_src comp="70" pin="0"/><net_sink comp="206" pin=2"/></net>

<net id="219"><net_src comp="66" pin="0"/><net_sink comp="214" pin=0"/></net>

<net id="220"><net_src comp="126" pin="2"/><net_sink comp="214" pin=1"/></net>

<net id="221"><net_src comp="72" pin="0"/><net_sink comp="214" pin=2"/></net>

<net id="228"><net_src comp="74" pin="0"/><net_sink comp="222" pin=0"/></net>

<net id="229"><net_src comp="126" pin="2"/><net_sink comp="222" pin=1"/></net>

<net id="230"><net_src comp="76" pin="0"/><net_sink comp="222" pin=2"/></net>

<net id="231"><net_src comp="78" pin="0"/><net_sink comp="222" pin=3"/></net>

<net id="232"><net_src comp="222" pin="4"/><net_sink comp="139" pin=2"/></net>

<net id="236"><net_src comp="6" pin="0"/><net_sink comp="233" pin=0"/></net>

<net id="241"><net_src comp="233" pin="1"/><net_sink comp="237" pin=0"/></net>

<net id="242"><net_src comp="80" pin="0"/><net_sink comp="237" pin=1"/></net>

<net id="247"><net_src comp="198" pin="3"/><net_sink comp="243" pin=0"/></net>

<net id="248"><net_src comp="237" pin="2"/><net_sink comp="243" pin=1"/></net>

<net id="252"><net_src comp="8" pin="0"/><net_sink comp="249" pin=0"/></net>

<net id="258"><net_src comp="82" pin="0"/><net_sink comp="253" pin=0"/></net>

<net id="259"><net_src comp="233" pin="1"/><net_sink comp="253" pin=1"/></net>

<net id="260"><net_src comp="52" pin="0"/><net_sink comp="253" pin=2"/></net>

<net id="268"><net_src comp="84" pin="0"/><net_sink comp="261" pin=0"/></net>

<net id="269"><net_src comp="249" pin="1"/><net_sink comp="261" pin=1"/></net>

<net id="270"><net_src comp="194" pin="1"/><net_sink comp="261" pin=2"/></net>

<net id="271"><net_src comp="68" pin="0"/><net_sink comp="261" pin=3"/></net>

<net id="272"><net_src comp="86" pin="0"/><net_sink comp="261" pin=4"/></net>

<net id="273"><net_src comp="261" pin="5"/><net_sink comp="132" pin=2"/></net>

<net id="278"><net_src comp="261" pin="5"/><net_sink comp="274" pin=0"/></net>

<net id="279"><net_src comp="8" pin="0"/><net_sink comp="274" pin=1"/></net>

<net id="284"><net_src comp="233" pin="1"/><net_sink comp="280" pin=0"/></net>

<net id="285"><net_src comp="88" pin="0"/><net_sink comp="280" pin=1"/></net>

<net id="290"><net_src comp="233" pin="1"/><net_sink comp="286" pin=0"/></net>

<net id="291"><net_src comp="88" pin="0"/><net_sink comp="286" pin=1"/></net>

<net id="292"><net_src comp="286" pin="2"/><net_sink comp="160" pin=0"/></net>

<net id="297"><net_src comp="214" pin="3"/><net_sink comp="293" pin=0"/></net>

<net id="298"><net_src comp="149" pin="4"/><net_sink comp="293" pin=1"/></net>

<net id="299"><net_src comp="293" pin="2"/><net_sink comp="170" pin=4"/></net>

<net id="305"><net_src comp="214" pin="3"/><net_sink comp="300" pin=0"/></net>

<net id="306"><net_src comp="80" pin="0"/><net_sink comp="300" pin=1"/></net>

<net id="307"><net_src comp="160" pin="4"/><net_sink comp="300" pin=2"/></net>

<net id="308"><net_src comp="300" pin="3"/><net_sink comp="183" pin=4"/></net>

<net id="316"><net_src comp="84" pin="0"/><net_sink comp="309" pin=0"/></net>

<net id="317"><net_src comp="249" pin="1"/><net_sink comp="309" pin=1"/></net>

<net id="318"><net_src comp="194" pin="1"/><net_sink comp="309" pin=2"/></net>

<net id="319"><net_src comp="14" pin="0"/><net_sink comp="309" pin=3"/></net>

<net id="320"><net_src comp="100" pin="0"/><net_sink comp="309" pin=4"/></net>

<net id="325"><net_src comp="309" pin="5"/><net_sink comp="321" pin=0"/></net>

<net id="326"><net_src comp="8" pin="0"/><net_sink comp="321" pin=1"/></net>

<net id="331"><net_src comp="183" pin="6"/><net_sink comp="327" pin=0"/></net>

<net id="332"><net_src comp="6" pin="0"/><net_sink comp="327" pin=1"/></net>

</net_list>

</model> 
---------------- Datapath Model END ------------------

* FSMD analyzer results:
  - Output states:
	Port: valueBuffer_rf_V_V | {1 }
	Port: metadataBuffer_rf_V_V | {1 }
	Port: merger2responseFormatter_V | {}
	Port: inWordCounter_V | {}
	Port: bf_metadataTempBuffer_V | {}
  - Chain level:
	State 1
		tmp_s : 1
		or_cond : 2
		stg_28 : 2
		stg_29 : 2
		tmp_139 : 1
		stg_31 : 2
		p_Result_2 : 1
		stg_33 : 2
		tmp_90 : 1
		stg_35 : 2
		stg_36 : 2
		tmp_91 : 1
		inWordCounter_V_flag : 3
		inWordCounter_V_new : 3
		stg_42 : 1
		stg_43 : 1
		p_inWordCounter_V_flag : 4
		p_inWordCounter_V_new : 4
		p_Result_s : 1
		stg_49 : 2
		stg_50 : 1
		stg_51 : 1
		inWordCounter_V_flag_3 : 4
		inWordCounter_V_new_3 : 5
		stg_56 : 5
		stg_57 : 6


============================================================
+ Verbose Summary: Datapath Resource usage 
============================================================

* Functional unit list:
|----------|-------------------------------|---------|---------|
| Operation|        Functional Unit        |    FF   |   LUT   |
|----------|-------------------------------|---------|---------|
|   icmp   |          tmp_s_fu_237         |    0    |    1    |
|          |         tmp_90_fu_280         |    0    |    1    |
|----------|-------------------------------|---------|---------|
|    add   |         tmp_91_fu_286         |    0    |    2    |
|----------|-------------------------------|---------|---------|
|  select  |  p_inWordCounter_V_new_fu_300 |    0    |    2    |
|----------|-------------------------------|---------|---------|
|    and   |         or_cond_fu_243        |    0    |    1    |
|----------|-------------------------------|---------|---------|
|    or    | p_inWordCounter_V_flag_fu_293 |    0    |    1    |
|----------|-------------------------------|---------|---------|
|nbwritereq|     tmp_nbwritereq_fu_102     |    0    |    0    |
|          |    tmp_39_nbwritereq_fu_110   |    0    |    0    |
|----------|-------------------------------|---------|---------|
| nbreadreq|    tmp_40_nbreadreq_fu_118    |    0    |    0    |
|----------|-------------------------------|---------|---------|
|   read   |       tmp51_read_fu_126       |    0    |    0    |
|----------|-------------------------------|---------|---------|
|   write  |      stg_36_write_fu_132      |    0    |    0    |
|          |        grp_write_fu_139       |    0    |    0    |
|----------|-------------------------------|---------|---------|
|   trunc  |         tmp_135_fu_194        |    0    |    0    |
|----------|-------------------------------|---------|---------|
|          |         tmp_136_fu_198        |    0    |    0    |
| bitselect|         tmp_137_fu_206        |    0    |    0    |
|          |         tmp_138_fu_214        |    0    |    0    |
|          |         tmp_139_fu_253        |    0    |    0    |
|----------|-------------------------------|---------|---------|
|partselect|          tmp_V_fu_222         |    0    |    0    |
|----------|-------------------------------|---------|---------|
|  partset |       p_Result_2_fu_261       |    0    |    0    |
|          |       p_Result_s_fu_309       |    0    |    0    |
|----------|-------------------------------|---------|---------|
|   Total  |                               |    0    |    8    |
|----------|-------------------------------|---------|---------|

Memories:
N/A

* Register list:
+------------------------------+--------+
|                              |   FF   |
+------------------------------+--------+
|inWordCounter_V_flag_3_reg_167|    1   |
| inWordCounter_V_flag_reg_146 |    1   |
| inWordCounter_V_new_3_reg_180|    2   |
|  inWordCounter_V_new_reg_157 |    2   |
+------------------------------+--------+
|             Total            |    6   |
+------------------------------+--------+

* Multiplexer (MUX) list: 
|--------|------|------|------|--------|
|  Comp  |  Pin | Size |  BW  | S x BW |
|--------|------|------|------|--------|
|  Total |      |      |      |    0   |
|--------|------|------|------|--------|



* Summary:
+-----------+--------+--------+
|           |   FF   |   LUT  |
+-----------+--------+--------+
|  Function |    0   |    8   |
|   Memory  |    -   |    -   |
|Multiplexer|    -   |    -   |
|  Register |    6   |    -   |
+-----------+--------+--------+
|   Total   |    6   |    8   |
+-----------+--------+--------+
